============================= test session starts =============================
platform win32 -- Python 3.12.10, pytest-9.0.2, pluggy-1.6.0 -- D:\RyzeCanvas\backend\venv\Scripts\python.exe
cachedir: .pytest_cache
rootdir: D:\RyzeCanvas\backend
plugins: anyio-4.12.1, asyncio-1.3.0, cov-7.0.0
asyncio: mode=Mode.STRICT, debug=False, asyncio_default_fixture_loop_scope=None, asyncio_default_test_loop_scope=function
collecting ... collected 6 items

test_integrity.py::test_project_structure PASSED                         [ 16%]
test_integrity.py::test_component_library_integrity PASSED               [ 33%]
test_integrity.py::test_database_models_integrity PASSED                 [ 50%]
test_version.py::test_version_consistency PASSED                         [ 66%]
test_version.py::test_frontend_version_sync PASSED                       [ 83%]
test_db_conn.py::test_database_connection PASSED                         [100%]

============================== warnings summary ===============================
app\core\component_library.py:40
  D:\RyzeCanvas\backend\app\core\component_library.py:40: PydanticDeprecatedSince20: Support for class-based `config` is deprecated, use ConfigDict instead. Deprecated in Pydantic V2.0 to be removed in V3.0. See Pydantic V2 Migration Guide at https://errors.pydantic.dev/2.12/migration/
    class ComponentNode(BaseModel):

app\core\component_library.py:93
  D:\RyzeCanvas\backend\app\core\component_library.py:93: PydanticDeprecatedSince20: Support for class-based `config` is deprecated, use ConfigDict instead. Deprecated in Pydantic V2.0 to be removed in V3.0. See Pydantic V2 Migration Guide at https://errors.pydantic.dev/2.12/migration/
    class UIPlan(BaseModel):

app\core\config.py:36
  D:\RyzeCanvas\backend\app\core\config.py:36: PydanticDeprecatedSince20: Pydantic V1 style `@validator` validators are deprecated. You should migrate to Pydantic V2 style `@field_validator` validators, see the migration guide for more details. Deprecated in Pydantic V2.0 to be removed in V3.0. See Pydantic V2 Migration Guide at https://errors.pydantic.dev/2.12/migration/
    @validator("BACKEND_CORS_ORIGINS", pre=True)

-- Docs: https://docs.pytest.org/en/stable/how-to/capture-warnings.html
======================== 6 passed, 3 warnings in 6.05s ========================
